her imprudence in allowing this brute to trace her.